// Jest Snapshot v1, https://goo.gl/fbAQLP

exports[`CardList Component renders correctly 1`] = `<Fragment />`;
